
There are no discarded input sections

Memory Configuration

Name             Origin             Length             Attributes
FLASH            0x08000000         0x00020000         xr
SRAM             0x20000000         0x00005000         xrw
*default*        0x00000000         0xffffffff

Linker script and memory map


.text           0x08000000       0xf8
                0x08000000                        _s_text = .
 startup.o(.vectors)
 .vectors       0x08000000       0x10 startup.o
                0x08000000                vectors
 startup.o(.text)
 .text          0x08000010       0x6c startup.o
                0x08000010                reset_handler
                0x08000070                default_handler
                0x08000070                hardfault_handler
                0x08000070                NMI_handler
 *(.text)
 .text          0x0800007c       0x7c main.o
                0x0800007c                main
 *(.rodata)
                0x080000f8                        _e_text = .
                0x080000f8                        . = ALIGN (0x4)

.glue_7         0x080000f8        0x0
 .glue_7        0x080000f8        0x0 linker stubs

.glue_7t        0x080000f8        0x0
 .glue_7t       0x080000f8        0x0 linker stubs

.vfp11_veneer   0x080000f8        0x0
 .vfp11_veneer  0x080000f8        0x0 linker stubs

.v4_bx          0x080000f8        0x0
 .v4_bx         0x080000f8        0x0 linker stubs

.iplt           0x080000f8        0x0
 .iplt          0x080000f8        0x0 startup.o

.rel.dyn        0x080000f8        0x0
 .rel.iplt      0x080000f8        0x0 startup.o

.data           0x20000000        0x4 load address 0x080000f8
                0x080000f8                        _data_load = LOADADDR (.data)
                0x20000000                        _s_data = .
 *(.data)
 .data          0x20000000        0x0 startup.o
 .data          0x20000000        0x4 main.o
                0x20000000                R_ODR
                0x20000004                        _e_data = .
                0x20000004                        . = ALIGN (0x4)

.igot.plt       0x20000004        0x0 load address 0x080000fc
 .igot.plt      0x20000004        0x0 startup.o

.bss            0x20000004        0xc load address 0x080000fc
                0x20000004                        _s_bss = .
 *(.bss)
 .bss           0x20000004        0x0 startup.o
 .bss           0x20000004        0xa main.o
                0x20000004                bss_arr
                0x2000000e                        _e_bss = .
                0x20000010                        . = ALIGN (0x4)
 *fill*         0x2000000e        0x2 
LOAD main.o
LOAD startup.o
OUTPUT(toggle_pin.elf elf32-littlearm)
LOAD linker stubs

.debug_info     0x00000000      0x2d8
 .debug_info    0x00000000      0x162 startup.o
 .debug_info    0x00000162      0x176 main.o

.debug_abbrev   0x00000000      0x1d8
 .debug_abbrev  0x00000000       0xd6 startup.o
 .debug_abbrev  0x000000d6      0x102 main.o

.debug_loc      0x00000000       0xb4
 .debug_loc     0x00000000       0x7c startup.o
 .debug_loc     0x0000007c       0x38 main.o

.debug_aranges  0x00000000       0x40
 .debug_aranges
                0x00000000       0x20 startup.o
 .debug_aranges
                0x00000020       0x20 main.o

.debug_line     0x00000000      0x2c7
 .debug_line    0x00000000      0x158 startup.o
 .debug_line    0x00000158      0x16f main.o

.debug_str      0x00000000      0x184
 .debug_str     0x00000000      0x184 startup.o
                                0x18b (size before relaxing)
 .debug_str     0x00000184        0x0 main.o
                                0x153 (size before relaxing)

.comment        0x00000000       0x45
 .comment       0x00000000       0x45 startup.o
                                 0x46 (size before relaxing)
 .comment       0x00000045        0x0 main.o
                                 0x46 (size before relaxing)

.ARM.attributes
                0x00000000       0x2d
 .ARM.attributes
                0x00000000       0x2d startup.o
 .ARM.attributes
                0x0000002d       0x2d main.o

.debug_frame    0x00000000       0x7c
 .debug_frame   0x00000000       0x50 startup.o
 .debug_frame   0x00000050       0x2c main.o
