
There are no discarded input sections

Memory Configuration

Name             Origin             Length             Attributes
FLASH            0x00000000         0x00040000         xr
SRAM             0x20000000         0x00008000         xrw
*default*        0x00000000         0xffffffff

Linker script and memory map


.text           0x00000000       0xac
                0x00000000                        _s_text = .
 startup.o(.vectors*)
 .vectors       0x00000000       0x10 startup.o
                0x00000000                vectors
 startup.o(.text)
 .text          0x00000010       0x40 startup.o
                0x00000010                NMI_handler
                0x00000010                default_handler
                0x00000010                HARDFAULT_handler
                0x0000001c                reset_handler
 *(.text)
 .text          0x00000050       0x5c main.o
                0x00000050                main
                0x000000ac                        . = ALIGN (0x4)
                0x000000ac                        _e_text = .

.glue_7         0x000000ac        0x0
 .glue_7        0x000000ac        0x0 linker stubs

.glue_7t        0x000000ac        0x0
 .glue_7t       0x000000ac        0x0 linker stubs

.vfp11_veneer   0x000000ac        0x0
 .vfp11_veneer  0x000000ac        0x0 linker stubs

.v4_bx          0x000000ac        0x0
 .v4_bx         0x000000ac        0x0 linker stubs

.iplt           0x000000ac        0x0
 .iplt          0x000000ac        0x0 startup.o

.rel.dyn        0x000000ac        0x0
 .rel.iplt      0x000000ac        0x0 startup.o

.data           0x20000000        0x0 load address 0x000000ac
                0x000000ac                        _data_load = LOADADDR (.data)
                0x20000000                        _s_data = .
 *(.data)
 .data          0x20000000        0x0 startup.o
 .data          0x20000000        0x0 main.o
                0x20000000                        . = ALIGN (0x4)
                0x20000000                        _e_data = .

.igot.plt       0x20000000        0x0 load address 0x000000ac
 .igot.plt      0x20000000        0x0 startup.o

.bss            0x20000000      0x40c load address 0x000000ac
                0x20000000                        _s_bss = .
 *(.bss)
 .bss           0x20000000      0x40c startup.o
                0x20000000                x
                0x20000004                y
                0x20000008                z
                0x2000000c                stack_top
 .bss           0x2000040c        0x0 main.o
                0x2000040c                        _s_bottom = (stack_top + 0x400)
                0x2000040c                        _e_bss = .
LOAD main.o
LOAD startup.o
OUTPUT(tiva_c_toggle_pin.elf elf32-littlearm)
LOAD linker stubs

.debug_info     0x00000000      0x235
 .debug_info    0x00000000      0x168 startup.o
 .debug_info    0x00000168       0xcd main.o

.debug_abbrev   0x00000000      0x174
 .debug_abbrev  0x00000000      0x102 startup.o
 .debug_abbrev  0x00000102       0x72 main.o

.debug_aranges  0x00000000       0x40
 .debug_aranges
                0x00000000       0x20 startup.o
 .debug_aranges
                0x00000020       0x20 main.o

.debug_line     0x00000000      0x29f
 .debug_line    0x00000000      0x142 startup.o
 .debug_line    0x00000142      0x15d main.o

.debug_str      0x00000000      0x147
 .debug_str     0x00000000      0x147 startup.o
                                0x16e (size before relaxing)
 .debug_str     0x00000147        0x0 main.o
                                0x13a (size before relaxing)

.comment        0x00000000       0x45
 .comment       0x00000000       0x45 startup.o
                                 0x46 (size before relaxing)
 .comment       0x00000045        0x0 main.o
                                 0x46 (size before relaxing)

.ARM.attributes
                0x00000000       0x2e
 .ARM.attributes
                0x00000000       0x2e startup.o
 .ARM.attributes
                0x0000002e       0x2e main.o

.debug_frame    0x00000000       0x7c
 .debug_frame   0x00000000       0x50 startup.o
 .debug_frame   0x00000050       0x2c main.o
